Current conda environment: dirt
Python path: /n/home11/erassou/.conda/envs/dirt/bin/python
Mamba version: mamba 1.5.5
conda 23.11.0
⚠ WARNING: Found conda-installed cuFFT in nvidia/cufft
  Conda cuFFT (version 11) conflicts with system CUDA 12.4.1 cuFFT (version 11.201)
  Attempting to exclude conda cuFFT from library search...
Verifying jax installation...
✓ JAX successfully imported: version 0.8.0
Checking JAX devices...
✓ JAX devices: [CpuDevice(id=0)]
✓ Number of devices: 1
✗ WARNING: No GPU devices found! JAX will use CPU (much slower).
  This is usually due to:
    1. Missing cuDNN library
    2. CUDA/cuDNN version mismatch
    3. Library path issues
Verifying mechagogue installation...
✓ mechagogue modules successfully imported

=== Current Status ===
✓ JAX 0.8.0 is installed
✓ CUDA 12 plugins are installed
✓ cuFFT library found
✓ cuSPARSE library found
✓ cuBLAS library found
✓ cuDNN library found

✓✓✓ All required CUDA libraries are available!
   JAX should be able to use GPU devices.
wandb: Currently logged in as: lunameme to https://api.wandb.ai. Use `wandb login --relogin` to force relogin
wandb: Tracking run with wandb version 0.23.0
wandb: Run data is saved locally in /n/netscratch/kdbrantley_lab/Lab/erassou/dirt/dirt/examples/nomnom/wandb/run-20251129_024201-3gjqiha5
wandb: Run `wandb offline` to turn off syncing.
wandb: Syncing run electric-disco-8
wandb: ⭐️ View project at https://wandb.ai/lunameme/dirt
wandb: 🚀 View run at https://wandb.ai/lunameme/dirt/runs/3gjqiha5
Epoch: 0
Traceback (most recent call last):
  File "/n/home11/erassou/.conda/envs/dirt/lib/python3.11/site-packages/jax/_src/lax/lax.py", line 221, in _broadcast_shapes_uncached
    return _try_broadcast_shapes(*rank_promoted_shapes, name='broadcast_shapes')
           ^^^^^^^^^^^^^^^^^^^^^^^^^^^^^^^^^^^^^^^^^^^^^^^^^^^^^^^^^^^^^^^^^^^^^
  File "/n/home11/erassou/.conda/envs/dirt/lib/python3.11/site-packages/jax/_src/lax/lax.py", line 136, in _try_broadcast_shapes
    raise TypeError(f'{name} got incompatible shapes for broadcasting: '
TypeError: broadcast_shapes got incompatible shapes for broadcasting: (2048, 512, 2), (1, 2048, 512).

The above exception was the direct cause of the following exception:

Traceback (most recent call last):
  File "/n/home11/erassou/.conda/envs/dirt/lib/python3.11/site-packages/jax/_src/lax/lax.py", line 199, in broadcast_shapes
    return _broadcast_shapes_cached(*shapes)
           ^^^^^^^^^^^^^^^^^^^^^^^^^^^^^^^^^
  File "/n/home11/erassou/.conda/envs/dirt/lib/python3.11/site-packages/jax/_src/util.py", line 300, in wrapper
    return cached(trace_context(), *args, **kwargs)
           ^^^^^^^^^^^^^^^^^^^^^^^^^^^^^^^^^^^^^^^^
  File "/n/home11/erassou/.conda/envs/dirt/lib/python3.11/site-packages/jax/_src/util.py", line 294, in cached
    return f(*args, **kwargs)
           ^^^^^^^^^^^^^^^^^^
  File "/n/home11/erassou/.conda/envs/dirt/lib/python3.11/site-packages/jax/_src/lax/lax.py", line 205, in _broadcast_shapes_cached
    return _broadcast_shapes_uncached(*shapes)
           ^^^^^^^^^^^^^^^^^^^^^^^^^^^^^^^^^^^
  File "/n/home11/erassou/.conda/envs/dirt/lib/python3.11/site-packages/jax/_src/lax/lax.py", line 224, in _broadcast_shapes_uncached
    raise ValueError(f"Incompatible shapes for broadcasting: shapes={list(shapes)}") from err
ValueError: Incompatible shapes for broadcasting: shapes=[(2048, 512, 2), (2048, 512)]

During handling of the above exception, another exception occurred:

Traceback (most recent call last):
  File "/n/home11/erassou/.conda/envs/dirt/lib/python3.11/site-packages/jax/_src/lax/lax.py", line 221, in _broadcast_shapes_uncached
    return _try_broadcast_shapes(*rank_promoted_shapes, name='broadcast_shapes')
           ^^^^^^^^^^^^^^^^^^^^^^^^^^^^^^^^^^^^^^^^^^^^^^^^^^^^^^^^^^^^^^^^^^^^^
  File "/n/home11/erassou/.conda/envs/dirt/lib/python3.11/site-packages/jax/_src/lax/lax.py", line 136, in _try_broadcast_shapes
    raise TypeError(f'{name} got incompatible shapes for broadcasting: '
TypeError: broadcast_shapes got incompatible shapes for broadcasting: (2048, 512, 2), (1, 2048, 512).

The above exception was the direct cause of the following exception:

Traceback (most recent call last):
  File "/n/netscratch/kdbrantley_lab/Lab/erassou/dirt/dirt/examples/nomnom/train_nomnom.py", line 223, in <module>
    train(key, params)
  File "/n/netscratch/kdbrantley_lab/Lab/erassou/dirt/dirt/examples/nomnom/train_nomnom.py", line 171, in train
    axes[0].hist(jnp.mean(actions.forward * players, axis=0), bins=20, color="blue", alpha=0.7)
                          ~~~~~~~~~~~~~~~~^~~~~~~~~
  File "/n/home11/erassou/.conda/envs/dirt/lib/python3.11/site-packages/jax/_src/numpy/array_methods.py", line 604, in deferring_binary_op
    return binary_op(*args)
           ^^^^^^^^^^^^^^^^
  File "/n/home11/erassou/.conda/envs/dirt/lib/python3.11/site-packages/jax/_src/numpy/ufunc_api.py", line 183, in __call__
    return call(*args)
           ^^^^^^^^^^^
  File "/n/home11/erassou/.conda/envs/dirt/lib/python3.11/site-packages/jax/_src/numpy/ufuncs.py", line 1280, in multiply
    x, y = promote_args("multiply", x, y)
           ^^^^^^^^^^^^^^^^^^^^^^^^^^^^^^
  File "/n/home11/erassou/.conda/envs/dirt/lib/python3.11/site-packages/jax/_src/numpy/util.py", line 230, in promote_args
    return promote_shapes(fun_name, *promote_dtypes(*args))
           ^^^^^^^^^^^^^^^^^^^^^^^^^^^^^^^^^^^^^^^^^^^^^^^^
  File "/n/home11/erassou/.conda/envs/dirt/lib/python3.11/site-packages/jax/_src/numpy/util.py", line 68, in promote_shapes
    result_rank = len(lax.broadcast_shapes(*shapes))
                      ^^^^^^^^^^^^^^^^^^^^^^^^^^^^^
ValueError: Incompatible shapes for broadcasting: shapes=[(2048, 512, 2), (2048, 512)]
--------------------
For simplicity, JAX has removed its internal frames from the traceback of the following exception. Set JAX_TRACEBACK_FILTERING=off to include these.
[1;34mwandb[0m: 
[1;34mwandb[0m: 🚀 View run [33melectric-disco-8[0m at: [34mhttps://wandb.ai/lunameme/dirt/runs/3gjqiha5[0m
[1;34mwandb[0m: Find logs at: [1;35mwandb/run-20251129_024201-3gjqiha5/logs[0m
